
*** Running vivado
    with args -log top_system.vds -m64 -product Vivado -mode batch -messageDb vivado.pb -notrace -source top_system.tcl



****** Vivado v2025.2 (64-bit)
  **** SW Build 6299465 on Fri Nov 14 19:35:11 GMT 2025
  **** IP Build 6300035 on Fri Nov 14 10:48:45 MST 2025
  **** SharedData Build 6298862 on Thu Nov 13 04:50:51 MST 2025
  **** Start of session at: Thu May  7 11:57:43 2026
    ** Copyright 1986-2022 Xilinx, Inc. All Rights Reserved.
    ** Copyright 2022-2025 Advanced Micro Devices, Inc. All Rights Reserved.

source top_system.tcl -notrace
Command: read_checkpoint -auto_incremental -incremental {C:/Users/Suwira/Hardware Synthesis Lab I/Final Project/Final Project.srcs/utils_1/imports/synth_1/top_system.dcp}
INFO: [Vivado 12-5825] Read reference checkpoint from C:/Users/Suwira/Hardware Synthesis Lab I/Final Project/Final Project.srcs/utils_1/imports/synth_1/top_system.dcp for incremental synthesis
INFO: [Vivado 12-7989] Please ensure there are no constraint changes
Command: synth_design -top top_system -part xc7a35tcpg236-1
Starting synth_design
Attempting to get a license for feature 'Synthesis' and/or device 'xc7a35t'
INFO: [Common 17-349] Got license for feature 'Synthesis' and/or device 'xc7a35t'
INFO: [Device 21-403] Loading part xc7a35tcpg236-1
INFO: [Designutils 20-5440] No compile time benefit to using incremental synthesis; A full resynthesis will be run
INFO: [Designutils 20-4379] Flow is switching to default flow due to incremental criteria not met. If you would like to alter this behaviour and have the flow terminate instead, please set the following parameter config_implementation {autoIncr.Synth.RejectBehavior Terminate}
INFO: [Synth 8-7079] Multithreading enabled for synth_design using a maximum of 2 processes.
INFO: [Synth 8-7078] Launching helper process for spawning children vivado processes
INFO: [Synth 8-7075] Helper process launched with PID 25848
---------------------------------------------------------------------------------
Starting RTL Elaboration : Time (s): cpu = 00:00:08 ; elapsed = 00:00:08 . Memory (MB): peak = 1273.891 ; gain = 542.648
---------------------------------------------------------------------------------
INFO: [Synth 8-6157] synthesizing module 'top_system' [C:/Users/Suwira/Hardware Synthesis Lab I/Final Project/Final Project.srcs/sources_1/new/top_system.v:1]
INFO: [Synth 8-6157] synthesizing module 'clk_viz' [C:/Users/Suwira/Hardware Synthesis Lab I/Final Project/Final Project.runs/synth_1/.Xil/Vivado-9924-LAPTOP-4PSDAOFR/realtime/clk_viz_stub.v:6]
INFO: [Synth 8-6155] done synthesizing module 'clk_viz' (0#1) [C:/Users/Suwira/Hardware Synthesis Lab I/Final Project/Final Project.runs/synth_1/.Xil/Vivado-9924-LAPTOP-4PSDAOFR/realtime/clk_viz_stub.v:6]
WARNING: [Synth 8-7071] port 'reset' of module 'clk_viz' is unconnected for instance 'instance_name' [C:/Users/Suwira/Hardware Synthesis Lab I/Final Project/Final Project.srcs/sources_1/new/top_system.v:38]
WARNING: [Synth 8-7071] port 'locked' of module 'clk_viz' is unconnected for instance 'instance_name' [C:/Users/Suwira/Hardware Synthesis Lab I/Final Project/Final Project.srcs/sources_1/new/top_system.v:38]
WARNING: [Synth 8-7023] instance 'instance_name' of module 'clk_viz' has 5 connections declared, but only 3 given [C:/Users/Suwira/Hardware Synthesis Lab I/Final Project/Final Project.srcs/sources_1/new/top_system.v:38]
INFO: [Synth 8-6157] synthesizing module 'ov7670_init' [C:/Users/Suwira/Hardware Synthesis Lab I/Final Project/Final Project.srcs/sources_1/new/ov7670_init.v:1]
INFO: [Synth 8-6157] synthesizing module 'sccb_controller' [C:/Users/Suwira/Hardware Synthesis Lab I/Final Project/Final Project.srcs/sources_1/new/sccb_controller.v:1]
INFO: [Synth 8-155] case statement is not full and has no default [C:/Users/Suwira/Hardware Synthesis Lab I/Final Project/Final Project.srcs/sources_1/new/sccb_controller.v:29]
INFO: [Synth 8-6155] done synthesizing module 'sccb_controller' (0#1) [C:/Users/Suwira/Hardware Synthesis Lab I/Final Project/Final Project.srcs/sources_1/new/sccb_controller.v:1]
INFO: [Synth 8-6155] done synthesizing module 'ov7670_init' (0#1) [C:/Users/Suwira/Hardware Synthesis Lab I/Final Project/Final Project.srcs/sources_1/new/ov7670_init.v:1]
INFO: [Synth 8-6157] synthesizing module 'ov7670_capture' [C:/Users/Suwira/Hardware Synthesis Lab I/Final Project/Final Project.srcs/sources_1/new/ov7670_capture.v:1]
INFO: [Synth 8-6155] done synthesizing module 'ov7670_capture' (0#1) [C:/Users/Suwira/Hardware Synthesis Lab I/Final Project/Final Project.srcs/sources_1/new/ov7670_capture.v:1]
INFO: [Synth 8-6157] synthesizing module 'blk_mem_gen_0' [C:/Users/Suwira/Hardware Synthesis Lab I/Final Project/Final Project.runs/synth_1/.Xil/Vivado-9924-LAPTOP-4PSDAOFR/realtime/blk_mem_gen_0_stub.v:6]
INFO: [Synth 8-6155] done synthesizing module 'blk_mem_gen_0' (0#1) [C:/Users/Suwira/Hardware Synthesis Lab I/Final Project/Final Project.runs/synth_1/.Xil/Vivado-9924-LAPTOP-4PSDAOFR/realtime/blk_mem_gen_0_stub.v:6]
INFO: [Synth 8-6157] synthesizing module 'vga_controller' [C:/Users/Suwira/Hardware Synthesis Lab I/Final Project/Final Project.srcs/sources_1/new/vga_controller.v:1]
INFO: [Synth 8-6155] done synthesizing module 'vga_controller' (0#1) [C:/Users/Suwira/Hardware Synthesis Lab I/Final Project/Final Project.srcs/sources_1/new/vga_controller.v:1]
INFO: [Synth 8-6157] synthesizing module 'image_processor' [C:/Users/Suwira/Hardware Synthesis Lab I/Final Project/Final Project.srcs/sources_1/new/image_processor.v:1]
INFO: [Synth 8-6155] done synthesizing module 'image_processor' (0#1) [C:/Users/Suwira/Hardware Synthesis Lab I/Final Project/Final Project.srcs/sources_1/new/image_processor.v:1]
INFO: [Synth 8-6155] done synthesizing module 'top_system' (0#1) [C:/Users/Suwira/Hardware Synthesis Lab I/Final Project/Final Project.srcs/sources_1/new/top_system.v:1]
WARNING: [Synth 8-3917] design top_system has port pwdn driven by constant 0
WARNING: [Synth 8-3917] design top_system has port rst driven by constant 1
---------------------------------------------------------------------------------
Finished RTL Elaboration : Time (s): cpu = 00:00:11 ; elapsed = 00:00:11 . Memory (MB): peak = 1398.152 ; gain = 666.910
---------------------------------------------------------------------------------
---------------------------------------------------------------------------------
Start Handling Custom Attributes
---------------------------------------------------------------------------------
---------------------------------------------------------------------------------
Finished Handling Custom Attributes : Time (s): cpu = 00:00:11 ; elapsed = 00:00:11 . Memory (MB): peak = 1398.152 ; gain = 666.910
---------------------------------------------------------------------------------
---------------------------------------------------------------------------------
Finished RTL Optimization Phase 1 : Time (s): cpu = 00:00:11 ; elapsed = 00:00:11 . Memory (MB): peak = 1398.152 ; gain = 666.910
---------------------------------------------------------------------------------
Netlist sorting complete. Time (s): cpu = 00:00:00 ; elapsed = 00:00:00.006 . Memory (MB): peak = 1398.152 ; gain = 0.000
INFO: [Project 1-570] Preparing netlist for logic optimization

Processing XDC Constraints
Initializing timing engine
Parsing XDC File [c:/Users/Suwira/Hardware Synthesis Lab I/Final Project/Final Project.gen/sources_1/ip/blk_mem_gen_0/blk_mem_gen_0/blk_mem_gen_0_in_context.xdc] for cell 'frame_buffer'
Finished Parsing XDC File [c:/Users/Suwira/Hardware Synthesis Lab I/Final Project/Final Project.gen/sources_1/ip/blk_mem_gen_0/blk_mem_gen_0/blk_mem_gen_0_in_context.xdc] for cell 'frame_buffer'
Parsing XDC File [c:/Users/Suwira/Hardware Synthesis Lab I/Final Project/Final Project.gen/sources_1/ip/clk_viz/clk_viz/clk_viz_in_context.xdc] for cell 'instance_name'
Finished Parsing XDC File [c:/Users/Suwira/Hardware Synthesis Lab I/Final Project/Final Project.gen/sources_1/ip/clk_viz/clk_viz/clk_viz_in_context.xdc] for cell 'instance_name'
Parsing XDC File [C:/Users/Suwira/Hardware Synthesis Lab I/Final Project/Final Project.srcs/constrs_1/new/Constraint.xdc]
CRITICAL WARNING: [Common 17-161] Invalid option value '<--' specified for 'objects'. [C:/Users/Suwira/Hardware Synthesis Lab I/Final Project/Final Project.srcs/constrs_1/new/Constraint.xdc:43]
CRITICAL WARNING: [Common 17-161] Invalid option value '<--' specified for 'objects'. [C:/Users/Suwira/Hardware Synthesis Lab I/Final Project/Final Project.srcs/constrs_1/new/Constraint.xdc:44]
WARNING: [Vivado 12-507] No nets matched 'pclk_IBUF'. [C:/Users/Suwira/Hardware Synthesis Lab I/Final Project/Final Project.srcs/constrs_1/new/Constraint.xdc:72]
Finished Parsing XDC File [C:/Users/Suwira/Hardware Synthesis Lab I/Final Project/Final Project.srcs/constrs_1/new/Constraint.xdc]
WARNING: [Project 1-498] One or more constraints failed evaluation while reading constraint file [C:/Users/Suwira/Hardware Synthesis Lab I/Final Project/Final Project.srcs/constrs_1/new/Constraint.xdc] and the design contains unresolved black boxes. These constraints will be read post-synthesis (as long as their source constraint file is marked as used_in_implementation) and should be applied correctly then. You should review the constraints listed in the file [.Xil/top_system_propImpl.xdc] and check the run log file to verify that these constraints were correctly applied.
INFO: [Project 1-236] Implementation specific constraints were found while reading constraint file [C:/Users/Suwira/Hardware Synthesis Lab I/Final Project/Final Project.srcs/constrs_1/new/Constraint.xdc]. These constraints will be ignored for synthesis but will be used in implementation. Impacted constraints are listed in the file [.Xil/top_system_propImpl.xdc].
Resolution: To avoid this warning, move constraints listed in [.Xil/top_system_propImpl.xdc] to another XDC file and exclude this new file from synthesis with the used_in_synthesis property (File Properties dialog in GUI) and re-run elaboration/synthesis.
Completed Processing XDC Constraints

Netlist sorting complete. Time (s): cpu = 00:00:00 ; elapsed = 00:00:00 . Memory (MB): peak = 1475.922 ; gain = 0.000
INFO: [Project 1-111] Unisim Transformation Summary:
No Unisim elements were transformed.

Constraint Validation Runtime : Time (s): cpu = 00:00:00 ; elapsed = 00:00:00.013 . Memory (MB): peak = 1475.922 ; gain = 0.000
INFO: [Designutils 20-5440] No compile time benefit to using incremental synthesis; A full resynthesis will be run
INFO: [Designutils 20-4379] Flow is switching to default flow due to incremental criteria not met. If you would like to alter this behaviour and have the flow terminate instead, please set the following parameter config_implementation {autoIncr.Synth.RejectBehavior Terminate}
---------------------------------------------------------------------------------
Finished Constraint Validation : Time (s): cpu = 00:00:22 ; elapsed = 00:00:23 . Memory (MB): peak = 1475.922 ; gain = 744.680
---------------------------------------------------------------------------------
---------------------------------------------------------------------------------
Start Loading Part and Timing Information
---------------------------------------------------------------------------------
Loading part: xc7a35tcpg236-1
---------------------------------------------------------------------------------
Finished Loading Part and Timing Information : Time (s): cpu = 00:00:22 ; elapsed = 00:00:23 . Memory (MB): peak = 1475.922 ; gain = 744.680
---------------------------------------------------------------------------------
---------------------------------------------------------------------------------
Start Applying 'set_property' XDC Constraints
---------------------------------------------------------------------------------
---------------------------------------------------------------------------------
Finished applying 'set_property' XDC Constraints : Time (s): cpu = 00:00:22 ; elapsed = 00:00:23 . Memory (MB): peak = 1475.922 ; gain = 744.680
---------------------------------------------------------------------------------
INFO: [Synth 8-802] inferred FSM for state register 'state_reg' in module 'sccb_controller'
---------------------------------------------------------------------------------------------------
                   State |                     New Encoding |                Previous Encoding 
---------------------------------------------------------------------------------------------------
*
                  iSTATE |                              000 |                            00000
                 iSTATE0 |                              001 |                            00001
                 iSTATE1 |                              010 |                            00010
                 iSTATE2 |                              011 |                            00011
                 iSTATE3 |                              100 |                            00100
---------------------------------------------------------------------------------------------------
INFO: [Synth 8-3354] encoded FSM with state register 'state_reg' using encoding 'sequential' in module 'sccb_controller'
---------------------------------------------------------------------------------
Finished RTL Optimization Phase 2 : Time (s): cpu = 00:00:22 ; elapsed = 00:00:23 . Memory (MB): peak = 1475.922 ; gain = 744.680
---------------------------------------------------------------------------------
---------------------------------------------------------------------------------
Start RTL Component Statistics 
---------------------------------------------------------------------------------
Detailed RTL Component Info : 
+---Adders : 
	   2 Input   10 Bit       Adders := 2     
	   2 Input    8 Bit       Adders := 2     
	   3 Input    6 Bit       Adders := 1     
	   2 Input    5 Bit       Adders := 2     
+---Registers : 
	               24 Bit    Registers := 1     
	               16 Bit    Registers := 1     
	               12 Bit    Registers := 1     
	               10 Bit    Registers := 2     
	                8 Bit    Registers := 2     
	                5 Bit    Registers := 1     
	                1 Bit    Registers := 9     
+---Muxes : 
	   2 Input   16 Bit        Muxes := 1     
	   6 Input   16 Bit        Muxes := 1     
	   4 Input   12 Bit        Muxes := 1     
	   4 Input    8 Bit        Muxes := 1     
	   6 Input    5 Bit        Muxes := 1     
	   6 Input    3 Bit        Muxes := 1     
	   2 Input    1 Bit        Muxes := 3     
	   6 Input    1 Bit        Muxes := 9     
---------------------------------------------------------------------------------
Finished RTL Component Statistics 
---------------------------------------------------------------------------------
---------------------------------------------------------------------------------
Start Part Resource Summary
---------------------------------------------------------------------------------
Part Resources:
DSPs: 90 (col length:60)
BRAMs: 100 (col length: RAMB18 60 RAMB36 30)
---------------------------------------------------------------------------------
Finished Part Resource Summary
---------------------------------------------------------------------------------
---------------------------------------------------------------------------------
Start Cross Boundary and Area Optimization
---------------------------------------------------------------------------------
WARNING: [Synth 8-3917] design top_system has port pwdn driven by constant 0
WARNING: [Synth 8-3917] design top_system has port rst driven by constant 1
---------------------------------------------------------------------------------
Finished Cross Boundary and Area Optimization : Time (s): cpu = 00:00:27 ; elapsed = 00:00:29 . Memory (MB): peak = 1475.922 ; gain = 744.680
---------------------------------------------------------------------------------
---------------------------------------------------------------------------------
Start Applying XDC Timing Constraints
---------------------------------------------------------------------------------
---------------------------------------------------------------------------------
Finished Applying XDC Timing Constraints : Time (s): cpu = 00:00:34 ; elapsed = 00:00:36 . Memory (MB): peak = 1587.641 ; gain = 856.398
---------------------------------------------------------------------------------
---------------------------------------------------------------------------------
Start Timing Optimization
---------------------------------------------------------------------------------
---------------------------------------------------------------------------------
Finished Timing Optimization : Time (s): cpu = 00:00:35 ; elapsed = 00:00:37 . Memory (MB): peak = 1611.980 ; gain = 880.738
---------------------------------------------------------------------------------
---------------------------------------------------------------------------------
Start Technology Mapping
---------------------------------------------------------------------------------
---------------------------------------------------------------------------------
Finished Technology Mapping : Time (s): cpu = 00:00:35 ; elapsed = 00:00:37 . Memory (MB): peak = 1623.547 ; gain = 892.305
---------------------------------------------------------------------------------
---------------------------------------------------------------------------------
Start IO Insertion
---------------------------------------------------------------------------------
---------------------------------------------------------------------------------
Start Flattening Before IO Insertion
---------------------------------------------------------------------------------
---------------------------------------------------------------------------------
Finished Flattening Before IO Insertion
---------------------------------------------------------------------------------
---------------------------------------------------------------------------------
Start Final Netlist Cleanup
---------------------------------------------------------------------------------
---------------------------------------------------------------------------------
Finished Final Netlist Cleanup
---------------------------------------------------------------------------------
CRITICAL WARNING: [Synth 8-4442] BlackBox module instance_name has unconnected pin reset
---------------------------------------------------------------------------------
Finished IO Insertion : Time (s): cpu = 00:00:44 ; elapsed = 00:00:46 . Memory (MB): peak = 1848.121 ; gain = 1116.879
---------------------------------------------------------------------------------
---------------------------------------------------------------------------------
Start Renaming Generated Instances
---------------------------------------------------------------------------------
---------------------------------------------------------------------------------
Finished Renaming Generated Instances : Time (s): cpu = 00:00:44 ; elapsed = 00:00:46 . Memory (MB): peak = 1848.121 ; gain = 1116.879
---------------------------------------------------------------------------------
---------------------------------------------------------------------------------
Start Rebuilding User Hierarchy
---------------------------------------------------------------------------------
---------------------------------------------------------------------------------
Finished Rebuilding User Hierarchy : Time (s): cpu = 00:00:44 ; elapsed = 00:00:46 . Memory (MB): peak = 1848.121 ; gain = 1116.879
---------------------------------------------------------------------------------
---------------------------------------------------------------------------------
Start Renaming Generated Ports
---------------------------------------------------------------------------------
---------------------------------------------------------------------------------
Finished Renaming Generated Ports : Time (s): cpu = 00:00:44 ; elapsed = 00:00:46 . Memory (MB): peak = 1848.121 ; gain = 1116.879
---------------------------------------------------------------------------------
---------------------------------------------------------------------------------
Start Handling Custom Attributes
---------------------------------------------------------------------------------
---------------------------------------------------------------------------------
Finished Handling Custom Attributes : Time (s): cpu = 00:00:44 ; elapsed = 00:00:46 . Memory (MB): peak = 1848.121 ; gain = 1116.879
---------------------------------------------------------------------------------
---------------------------------------------------------------------------------
Start Renaming Generated Nets
---------------------------------------------------------------------------------
---------------------------------------------------------------------------------
Finished Renaming Generated Nets : Time (s): cpu = 00:00:44 ; elapsed = 00:00:46 . Memory (MB): peak = 1848.121 ; gain = 1116.879
---------------------------------------------------------------------------------
---------------------------------------------------------------------------------
Start Writing Synthesis Report
---------------------------------------------------------------------------------

Report BlackBoxes: 
+------+--------------+----------+
|      |BlackBox name |Instances |
+------+--------------+----------+
|1     |clk_viz       |         1|
|2     |blk_mem_gen_0 |         1|
+------+--------------+----------+

Report Cell Usage: 
+------+------------+------+
|      |Cell        |Count |
+------+------------+------+
|1     |blk_mem_gen |     1|
|2     |clk_viz     |     1|
|3     |BUFG        |     1|
|4     |CARRY4      |    11|
|5     |LUT1        |     4|
|6     |LUT2        |    21|
|7     |LUT3        |    31|
|8     |LUT4        |    23|
|9     |LUT5        |    25|
|10    |LUT6        |    41|
|11    |FDRE        |    95|
|12    |IBUF        |    14|
|13    |OBUF        |    19|
|14    |OBUFT       |     1|
+------+------------+------+
---------------------------------------------------------------------------------
Finished Writing Synthesis Report : Time (s): cpu = 00:00:44 ; elapsed = 00:00:46 . Memory (MB): peak = 1848.121 ; gain = 1116.879
---------------------------------------------------------------------------------
Synthesis finished with 0 errors, 1 critical warnings and 2 warnings.
Synthesis Optimization Runtime : Time (s): cpu = 00:00:31 ; elapsed = 00:00:43 . Memory (MB): peak = 1848.121 ; gain = 1039.109
Synthesis Optimization Complete : Time (s): cpu = 00:00:44 ; elapsed = 00:00:46 . Memory (MB): peak = 1848.121 ; gain = 1116.879
INFO: [Project 1-571] Translating synthesized netlist
Netlist sorting complete. Time (s): cpu = 00:00:00 ; elapsed = 00:00:00.006 . Memory (MB): peak = 1850.672 ; gain = 0.000
INFO: [Netlist 29-17] Analyzing 11 Unisim elements for replacement
INFO: [Netlist 29-28] Unisim Transformation completed in 0 CPU seconds
INFO: [Project 1-570] Preparing netlist for logic optimization
INFO: [Opt 31-138] Pushed 0 inverter(s) to 0 load pin(s).
Netlist sorting complete. Time (s): cpu = 00:00:00 ; elapsed = 00:00:00 . Memory (MB): peak = 1854.359 ; gain = 0.000
INFO: [Project 1-111] Unisim Transformation Summary:
No Unisim elements were transformed.

Synth Design complete | Checksum: 73e24465
INFO: [Common 17-83] Releasing license: Synthesis
40 Infos, 9 Warnings, 3 Critical Warnings and 0 Errors encountered.
synth_design completed successfully
INFO: [Common 17-600] The following parameters have non-default value.
tcl.statsThreshold
INFO: [runtcl-6] Synthesis results are not added to the cache due to CRITICAL_WARNING
Write ShapeDB Complete: Time (s): cpu = 00:00:00 ; elapsed = 00:00:00.003 . Memory (MB): peak = 1854.359 ; gain = 0.000
INFO: [Common 17-1381] The checkpoint 'C:/Users/Suwira/Hardware Synthesis Lab I/Final Project/Final Project.runs/synth_1/top_system.dcp' has been generated.
INFO: [Vivado 12-24828] Executing command : report_utilization -file top_system_utilization_synth.rpt -pb top_system_utilization_synth.pb
INFO: [Common 17-206] Exiting Vivado at Thu May  7 11:58:53 2026...
