Copyright 1986-2022 Xilinx, Inc. All Rights Reserved. Copyright 2022-2025 Advanced Micro Devices, Inc. All Rights Reserved.
---------------------------------------------------------------------------------------------------------------------------------------------
| Tool Version : Vivado v.2025.2 (win64) Build 6299465 Fri Nov 14 19:35:11 GMT 2025
| Date         : Thu May  7 12:19:40 2026
| Host         : LAPTOP-4PSDAOFR running 64-bit major release  (build 9200)
| Command      : report_control_sets -verbose -file top_system_control_sets_placed.rpt
| Design       : top_system
| Device       : xc7a35t
---------------------------------------------------------------------------------------------------------------------------------------------

Control Set Information

Table of Contents
-----------------
1. Summary
2. Histogram
3. Flip-Flop Distribution
4. Detailed Control Set Information

1. Summary
----------

+----------------------------------------------------------+-------+
|                          Status                          | Count |
+----------------------------------------------------------+-------+
| Total control sets                                       |    13 |
|    Minimum number of control sets                        |    13 |
|    Addition due to synthesis replication                 |     0 |
|    Addition due to physical synthesis replication        |     0 |
| Unused register locations in slices containing registers |    48 |
+----------------------------------------------------------+-------+
* Control sets can be merged at opt_design using control_set_merge or merge_equivalent_drivers
** Run report_qor_suggestions for automated merging and remapping suggestions


2. Histogram
------------

+--------------------+-------+
|       Fanout       | Count |
+--------------------+-------+
| Total control sets |    13 |
| >= 0 to < 4        |     2 |
| >= 4 to < 6        |     1 |
| >= 6 to < 8        |     3 |
| >= 8 to < 10       |     2 |
| >= 10 to < 12      |     3 |
| >= 12 to < 14      |     0 |
| >= 14 to < 16      |     0 |
| >= 16              |     2 |
+--------------------+-------+
* Control sets can be remapped at either synth_design or opt_design


3. Flip-Flop Distribution
-------------------------

+--------------+-----------------------+------------------------+-----------------+--------------+
| Clock Enable | Synchronous Set/Reset | Asynchronous Set/Reset | Total Registers | Total Slices |
+--------------+-----------------------+------------------------+-----------------+--------------+
| No           | No                    | No                     |              28 |           13 |
| No           | No                    | Yes                    |               0 |            0 |
| No           | Yes                   | No                     |              18 |            5 |
| Yes          | No                    | No                     |              41 |           20 |
| Yes          | No                    | Yes                    |               0 |            0 |
| Yes          | Yes                   | No                     |              25 |            6 |
+--------------+-----------------------+------------------------+-----------------+--------------+


4. Detailed Control Set Information
-----------------------------------

+------------------------------------+-------------------------------------+---------------------------+------------------+----------------+--------------+
|            Clock Signal            |            Enable Signal            |      Set/Reset Signal     | Slice Load Count | Bel Load Count | Bels / Slice |
+------------------------------------+-------------------------------------+---------------------------+------------------+----------------+--------------+
|  config_unit/sccb/sccb_clk_reg_n_0 | config_unit/sccb/scl_i_1_n_0        |                           |                1 |              1 |         1.00 |
|  pclk_IBUF_BUFG                    |                                     |                           |                1 |              2 |         2.00 |
|  config_unit/sccb/sccb_clk_reg_n_0 | config_unit/sccb/bit_cnt[4]_i_1_n_0 |                           |                2 |              5 |         2.50 |
|  config_unit/sccb/sccb_clk_reg_n_0 |                                     |                           |                1 |              6 |         6.00 |
|  pclk_IBUF_BUFG                    | cap/temp_pixel[15]_i_1_n_0          |                           |                5 |              7 |         1.40 |
|  config_unit/sccb/sccb_clk_reg_n_0 | config_unit/sccb/tx_data[0]         |                           |                2 |              7 |         3.50 |
|  instance_name/inst/clk_out1       |                                     | config_unit/sccb/sccb_clk |                1 |              8 |         8.00 |
|  instance_name/inst/clk_out1       | config_unit/sccb/E[0]               | btnC_IBUF                 |                1 |              8 |         8.00 |
|  instance_name/inst/clk_out1       |                                     | vga/h_cnt[9]_i_1_n_0      |                4 |             10 |         2.50 |
|  instance_name/inst/clk_out1       | vga/h_cnt[9]_i_1_n_0                |                           |                3 |             10 |         3.33 |
|  pclk_IBUF_BUFG                    | cap/dout[11]_i_1_n_0                |                           |                7 |             11 |         1.57 |
|  pclk_IBUF_BUFG                    | cap/addr[0]_i_1_n_0                 | vsync_cam_IBUF            |                5 |             17 |         3.40 |
|  instance_name/inst/clk_out1       |                                     |                           |               11 |             20 |         1.82 |
+------------------------------------+-------------------------------------+---------------------------+------------------+----------------+--------------+


