#-----------------------------------------------------------
# Vivado v2025.2 (64-bit)
# SW Build 6299465 on Fri Nov 14 19:35:11 GMT 2025
# IP Build 6300035 on Fri Nov 14 10:48:45 MST 2025
# SharedData Build 6298862 on Thu Nov 13 04:50:51 MST 2025
# Start of session at: Thu May  7 11:52:03 2026
# Process ID         : 24540
# Current directory  : C:/Users/Suwira/Hardware Synthesis Lab I/Final Project/Final Project.runs/impl_1
# Command line       : vivado.exe -log top_system.vdi -applog -product Vivado -messageDb vivado.pb -mode batch -source top_system.tcl -notrace
# Log file           : C:/Users/Suwira/Hardware Synthesis Lab I/Final Project/Final Project.runs/impl_1/top_system.vdi
# Journal file       : C:/Users/Suwira/Hardware Synthesis Lab I/Final Project/Final Project.runs/impl_1\vivado.jou
# Running On         : LAPTOP-4PSDAOFR
# Platform           : Windows Server 2016 or Windows 10
# Operating System   : 26200
# Processor Detail   : AMD Ryzen 5 8645HS w/ Radeon 760M Graphics
# CPU Frequency      : 4292 MHz
# CPU Physical cores : 6
# CPU Logical cores  : 12
# Host memory        : 16390 MB
# Swap memory        : 10200 MB
# Total Virtual      : 26591 MB
# Available Virtual  : 5356 MB
#-----------------------------------------------------------
source top_system.tcl -notrace
